Channels:
 - conda-forge
Platform: osx-arm64
Collecting package metadata (repodata.json): ...working... done
Solving environment: ...working... done

## Package Plan ##

  environment location: /Users/alex/miniforge3/envs/bahia

  added / updated specs:
    - cdsapi
    - cmake
    - compilers
    - git
    - make
    - matplotlib
    - mpich
    - mpich-mpicc
    - mpich-mpifort
    - netcdf-fortran
    - netcdf4
    - numpy
    - pandas
    - perl
    - pyproj
    - python=3.11
    - scipy
    - xarray


The following packages will be downloaded:

    package                    |            build
    ---------------------------|-----------------
    _openmp_mutex-4.5          |       8_kmp_llvm           8 KB  conda-forge
    attrs-26.1.0               |     pyhcf101f3_0          63 KB  conda-forge
    aws-c-auth-0.10.4          |       h436dbe7_2         115 KB  conda-forge
    aws-c-cal-0.9.15           |       hdbc54b2_1          45 KB  conda-forge
    aws-c-common-0.14.3        |       h84a0fba_0         224 KB  conda-forge
    aws-c-compression-0.3.2    |       he8604bc_5          21 KB  conda-forge
    aws-c-http-0.11.0          |       hc1b69ad_5         174 KB  conda-forge
    aws-c-io-0.27.5            |       h8fb7669_1         186 KB  conda-forge
    aws-c-s3-0.13.1            |       h1fbe2f8_1         131 KB  conda-forge
    aws-c-sdkutils-0.2.7       |       he8604bc_3          59 KB  conda-forge
    aws-checksums-0.2.10       |       he8604bc_5          90 KB  conda-forge
    backports.zstd-1.7.0       |  py311hdee5a0d_1         240 KB  conda-forge
    blosc-1.21.6               |       h7dd00d9_1          33 KB  conda-forge
    brotli-1.2.0               |       hf00d406_4          20 KB  conda-forge
    brotli-bin-1.2.0           |       he4a93e4_4          18 KB  conda-forge
    brotli-python-1.2.0        |  py311h9fb86b2_4         357 KB  conda-forge
    c-compiler-2.0.0           |       h39478f8_0           7 KB  conda-forge
    cairo-1.18.6               |       h580cee5_0         825 KB  conda-forge
    cctools-1030.6.3           |llvm21_1_h8e84c17_6          24 KB  conda-forge
    cctools_impl_osx-arm64-1030.6.3|llvm21_1_h2e2604f_6         744 KB  conda-forge
    cctools_osx-arm64-1030.6.3 |llvm21_1_h8e84c17_6          23 KB  conda-forge
    cdsapi-0.7.7               |     pyh5ded981_0          22 KB  conda-forge
    cftime-1.6.6               |       hf8a4dfd_0         438 KB  conda-forge
    clang-21.1.8               |default_cfg_h7f0254a_6          28 KB  conda-forge
    clang-21-21.1.8            |default_h4399b93_6         800 KB  conda-forge
    clang-scan-deps-21.1.8     |default_h4399b93_6          99 KB  conda-forge
    clang_impl_osx-arm64-21.1.8|default_hc11f16d_6          28 KB  conda-forge
    clang_osx-arm64-21.1.8     |      h15b5089_34          20 KB  conda-forge
    clangxx-21.1.8             |default_cfg_h7f0254a_6          28 KB  conda-forge
    clangxx_impl_osx-arm64-21.1.8|default_hc11f16d_6          27 KB  conda-forge
    cmake-4.4.3                |       hf91ab31_0        19.3 MB  conda-forge
    compiler-rt-21.1.8         |       hce30654_2          16 KB  conda-forge
    compiler-rt21-21.1.8       |       hdb3d66b_2          97 KB  conda-forge
    compiler-rt21_osx-arm64-21.1.8|       hb8825d9_2         9.8 MB  conda-forge
    compiler-rt_osx-arm64-21.1.8|       hce30654_2          16 KB  conda-forge
    compilers-2.0.0            |       hce30654_0           7 KB  conda-forge
    conda-gcc-specs-15.3.0     |       h64e22ab_7         101 KB  conda-forge
    contourpy-1.3.3            |  py311h7d85929_4         279 KB  conda-forge
    cpython-3.11.16            |  py311hd8ed1ab_2          47 KB  conda-forge
    cxx-compiler-2.0.0         |       he3883d0_0           7 KB  conda-forge
    cycler-0.12.1              |     pyhcf101f3_2          14 KB  conda-forge
    ecmwf-datastores-client-0.5.3|     pyhd8ed1ab_0          29 KB  conda-forge
    font-ttf-dejavu-sans-mono-2.37|       hab24e00_0         388 KB  conda-forge
    font-ttf-inconsolata-3.000 |       h77eed37_0          94 KB  conda-forge
    font-ttf-source-code-pro-2.038|       h77eed37_0         684 KB  conda-forge
    font-ttf-ubuntu-0.83       |       h77eed37_3         1.5 MB  conda-forge
    fontconfig-2.18.3          |       h81aa574_1         259 KB  conda-forge
    fonts-conda-ecosystem-1    |                0           4 KB  conda-forge
    fonts-conda-forge-1        |       hc364b38_1           4 KB  conda-forge
    fonttools-4.66.0           |  py311hde9f260_0         2.9 MB  conda-forge
    fortran-compiler-2.0.0     |       h919a6ed_0           7 KB  conda-forge
    freetype-2.14.3            |       hce30654_2         171 KB  conda-forge
    fribidi-1.0.17             |       hb001647_0          62 KB  conda-forge
    gcc-15.3.0                 |       h500d687_7          98 KB  conda-forge
    gcc_impl_osx-arm64-15.3.0  |       hdd9f9fa_7        47.4 MB  conda-forge
    gfortran-15.3.0            |       h500d687_7          98 KB  conda-forge
    gfortran_impl_osx-arm64-15.3.0|       hc97e033_7        12.5 MB  conda-forge
    gfortran_osx-arm64-15.3.0  |       hd00ca7b_2          27 KB  conda-forge
    git-2.55.0                 | pl5321h66f49b9_3        12.6 MB  conda-forge
    graphite2-1.3.15           |       h784d473_1          84 KB  conda-forge
    hdf4-4.2.15                |       h2ee6834_7         744 KB  conda-forge
    hdf5-2.2.0                 |nompi_h7eff4e6_100         3.6 MB  conda-forge
    idna-3.20                  |     pyh5ded981_0         174 KB  conda-forge
    kiwisolver-1.5.1           |  py311h2f25576_3          62 KB  conda-forge
    lcms2-2.19.1               |       hce41798_3         208 KB  conda-forge
    ld64-956.6                 |llvm21_1_h5d6df6c_6          21 KB  conda-forge
    ld64_osx-arm64-956.6       |llvm21_1_h1a10cc4_6         961 KB  conda-forge
    lerc-4.2.0                 |       h1eee2c3_0         163 KB  conda-forge
    libaec-1.1.5               |       h8664d51_0          30 KB  conda-forge
    libblas-3.11.0             |11_h51639a9_openblas          18 KB  conda-forge
    libbrotlicommon-1.2.0      |       h1dcdb26_4          78 KB  conda-forge
    libbrotlidec-1.2.0         |       h5295a6a_4          29 KB  conda-forge
    libbrotlienc-1.2.0         |       h2ddc9cb_4         289 KB  conda-forge
    libcblas-3.11.0            |11_hb0561ab_openblas          18 KB  conda-forge
    libclang-cpp21.1-21.1.8    |default_h4399b93_6        13.1 MB  conda-forge
    libclang-cpp23.1-23.1.2    |default_h79071a4_0        15.8 MB  conda-forge
    libclang13-23.1.2          |default_h8f9c3af_0        10.1 MB  conda-forge
    libcompiler-rt-21.1.8      |       hdb3d66b_2         1.3 MB  conda-forge
    libcxx-devel-21.1.8        |       h6dc3340_3          22 KB  conda-forge
    libcxx-headers-21.1.8      |       h707e725_3         1.1 MB  conda-forge
    libdeflate-1.25            |       he7e0567_1          54 KB  conda-forge
    libfabric-2.6.0            |       hce30654_0          14 KB  conda-forge
    libfabric1-2.6.0           |       h84a0fba_0         327 KB  conda-forge
    libfreetype-2.14.3         |       hce30654_2           8 KB  conda-forge
    libfreetype6-2.14.3        |       h2ed5691_2         333 KB  conda-forge
    libgcc-16.2.0              |       h3cf6597_7         357 KB  conda-forge
    libgcc-devel_osx-arm64-15.3.0|     h647fcfe_107         2.0 MB  conda-forge
    libgfortran-16.2.0         |       h07b0088_7          97 KB  conda-forge
    libgfortran5-16.2.0        |       hdb7a957_7         542 KB  conda-forge
    libglib-2.90.0             |       hccd281b_0         4.3 MB  conda-forge
    libharfbuzz-14.5.0         |       hcda0f7c_0         980 KB  conda-forge
    libhwloc-2.15.0            |default_h98d0dc1_1001         2.2 MB  conda-forge
    libintl-0.25.1             |       hae62183_2          88 KB  conda-forge
    libjpeg-turbo-3.2.0        |       h84a0fba_1         545 KB  conda-forge
    liblapack-3.11.0           |11_hd9741b5_openblas          18 KB  conda-forge
    libllvm21-21.1.8           |       h759d1ac_1        28.3 MB  conda-forge
    libllvm23-23.1.2           |       h759d1ac_0        30.1 MB  conda-forge
    libnetcdf-4.10.1           |nompi_ha00b61a_201         788 KB  conda-forge
    libopenblas-0.3.34         |openmp_h5e6e99c_1         4.1 MB  conda-forge
    libpng-1.6.58              |       hf5e6511_1         283 KB  conda-forge
    libpython-3.11.16          |h4e5ec87_2_cpython         1.6 MB  conda-forge
    libraqm-0.11.0             |       h45af499_0          31 KB  conda-forge
    libsigtool-0.1.3           |       h98dc951_1          36 KB  conda-forge
    libtiff-4.7.2              |       hf67920b_1         372 KB  conda-forge
    libuv-1.52.1               |       h1a92334_1         120 KB  conda-forge
    libwebp-base-1.6.0         |       h202fb40_1         288 KB  conda-forge
    libxcb-1.17.0              |       hbffa61f_2         317 KB  conda-forge
    libzip-1.11.4              |       hcd2b5ac_0         126 KB  conda-forge
    llvm-openmp-23.1.2         |       hdb3d66b_0         281 KB  conda-forge
    llvm-tools-21.1.8          |       hdb3d66b_1          87 KB  conda-forge
    llvm-tools-21-21.1.8       |       h79441dc_1        17.7 MB  conda-forge
    make-4.4.1                 |       h84a0fba_3         269 KB  conda-forge
    matplotlib-3.11.2          |  py311ha01d089_1          15 KB  conda-forge
    matplotlib-base-3.11.2     |  py311h022e184_1         8.5 MB  conda-forge
    mpi-1.0.1                  |            mpich           6 KB  conda-forge
    mpich-5.0.1                |       h334a687_5         5.6 MB  conda-forge
    mpich-mpicc-5.0.1          |       h5155c28_5           9 KB  conda-forge
    mpich-mpifort-5.0.1        |       h2a9b0c0_5           9 KB  conda-forge
    multiurl-0.3.9             |     pyhd8ed1ab_0          27 KB  conda-forge
    munkres-1.1.4              |     pyhd8ed1ab_1          15 KB  conda-forge
    netcdf-fortran-4.6.4       |nompi_hee8748b_101         456 KB  conda-forge
    netcdf4-1.7.4              |nompi_py311hb0e642c_111         998 KB  conda-forge
    numpy-2.4.6                |  py311hbd1492f_0         7.1 MB  conda-forge
    openjpeg-2.5.4             |       h4d1e80c_2         369 KB  conda-forge
    pandas-3.0.6               |np2py311h0e7d951_0        13.7 MB  conda-forge
    pcre2-10.47                |       he63d830_1         832 KB  conda-forge
    perl-5.32.1                |10_hb001647_perl5        11.7 MB  conda-forge
    pillow-12.3.0              |  py311h5184979_4         977 KB  conda-forge
    pixman-0.46.4              |       h784d473_3         194 KB  conda-forge
    proj-9.8.1                 |       h51dee2d_1         3.0 MB  conda-forge
    pthread-stubs-0.4          |    hb001647_1004           9 KB  conda-forge
    pyparsing-3.3.3            |     pyh5ded981_0         111 KB  conda-forge
    pyproj-3.7.2               |  py311h281e31a_5         501 KB  conda-forge
    python-3.11.16             |hd05a0c4_2_cpython        13.1 MB  conda-forge
    python-dateutil-2.9.0.post0|     pyhe01879c_2         228 KB  conda-forge
    python-gil-3.11.16         |       hd8ed1ab_2          47 KB  conda-forge
    python_abi-3.11            |          9_cp311           7 KB  conda-forge
    pytz-2026.4                |     pyh5ded981_0         197 KB  conda-forge
    qhull-2020.2               |       h420ef59_5         504 KB  conda-forge
    rhash-1.4.6                |       h84a0fba_2         181 KB  conda-forge
    s2n-1.7.6                  |       h1b28cb6_0         271 KB  conda-forge
    scipy-1.17.1               |  py311h9a58382_1        13.3 MB  conda-forge
    sdkroot_env_osx-arm64-26.0 |       ha3f98da_7           5 KB  conda-forge
    sigtool-codesign-0.1.3     |       h98dc951_1         112 KB  conda-forge
    six-1.17.0                 |     pyhe01879c_1          18 KB  conda-forge
    snappy-1.2.2               |       h3951085_2          39 KB  conda-forge
    sqlite-3.53.4              |       ha9f7ffe_1         176 KB  conda-forge
    tapi-1600.0.11.8           |       hb561403_4         197 KB  conda-forge
    tornado-6.5.10             |  py311h5edb25e_0         894 KB  conda-forge
    tqdm-4.70.1                |     pyhfa0c392_0          94 KB  conda-forge
    unicodedata2-18.0.0        |  py311h5edb25e_0         417 KB  conda-forge
    urllib3-2.8.0              |     pyhd8ed1ab_0         105 KB  conda-forge
    xarray-2026.7.0            |     pyhc364b38_0        1003 KB  conda-forge
    xorg-libxau-1.0.12         |       hb001647_2          17 KB  conda-forge
    xorg-libxdmcp-1.1.5        |       hb001647_2          21 KB  conda-forge
    zlib-ng-2.3.3              |       h31dac16_1          94 KB  conda-forge
    ------------------------------------------------------------
                                           Total:       342.5 MB

The following NEW packages will be INSTALLED:

  _openmp_mutex      conda-forge/osx-arm64::_openmp_mutex-4.5-8_kmp_llvm 
  _python_abi3_supp~ conda-forge/noarch::_python_abi3_support-1.0-hd8ed1ab_3 
  attrs              conda-forge/noarch::attrs-26.1.0-pyhcf101f3_0 
  aws-c-auth         conda-forge/osx-arm64::aws-c-auth-0.10.4-h436dbe7_2 
  aws-c-cal          conda-forge/osx-arm64::aws-c-cal-0.9.15-hdbc54b2_1 
  aws-c-common       conda-forge/osx-arm64::aws-c-common-0.14.3-h84a0fba_0 
  aws-c-compression  conda-forge/osx-arm64::aws-c-compression-0.3.2-he8604bc_5 
  aws-c-http         conda-forge/osx-arm64::aws-c-http-0.11.0-hc1b69ad_5 
  aws-c-io           conda-forge/osx-arm64::aws-c-io-0.27.5-h8fb7669_1 
  aws-c-s3           conda-forge/osx-arm64::aws-c-s3-0.13.1-h1fbe2f8_1 
  aws-c-sdkutils     conda-forge/osx-arm64::aws-c-sdkutils-0.2.7-he8604bc_3 
  aws-checksums      conda-forge/osx-arm64::aws-checksums-0.2.10-he8604bc_5 
  backports.zstd     conda-forge/osx-arm64::backports.zstd-1.7.0-py311hdee5a0d_1 
  blosc              conda-forge/osx-arm64::blosc-1.21.6-h7dd00d9_1 
  brotli             conda-forge/osx-arm64::brotli-1.2.0-hf00d406_4 
  brotli-bin         conda-forge/osx-arm64::brotli-bin-1.2.0-he4a93e4_4 
  brotli-python      conda-forge/osx-arm64::brotli-python-1.2.0-py311h9fb86b2_4 
  bzip2              conda-forge/osx-arm64::bzip2-1.0.8-h4e30115_10 
  c-ares             conda-forge/osx-arm64::c-ares-1.34.8-h74c22ad_2 
  c-compiler         conda-forge/osx-arm64::c-compiler-2.0.0-h39478f8_0 
  ca-certificates    conda-forge/noarch::ca-certificates-2026.7.22-hbd8a1cb_0 
  cairo              conda-forge/osx-arm64::cairo-1.18.6-h580cee5_0 
  cctools            conda-forge/osx-arm64::cctools-1030.6.3-llvm21_1_h8e84c17_6 
  cctools_impl_osx-~ conda-forge/osx-arm64::cctools_impl_osx-arm64-1030.6.3-llvm21_1_h2e2604f_6 
  cctools_osx-arm64  conda-forge/osx-arm64::cctools_osx-arm64-1030.6.3-llvm21_1_h8e84c17_6 
  cdsapi             conda-forge/noarch::cdsapi-0.7.7-pyh5ded981_0 
  certifi            conda-forge/noarch::certifi-2026.7.22-pyhd8ed1ab_0 
  cftime             conda-forge/osx-arm64::cftime-1.6.6-hf8a4dfd_0 
  charset-normalizer conda-forge/noarch::charset-normalizer-3.5.1-pyhd8ed1ab_0 
  clang              conda-forge/osx-arm64::clang-21.1.8-default_cfg_h7f0254a_6 
  clang-21           conda-forge/osx-arm64::clang-21-21.1.8-default_h4399b93_6 
  clang-scan-deps    conda-forge/osx-arm64::clang-scan-deps-21.1.8-default_h4399b93_6 
  clang_impl_osx-ar~ conda-forge/osx-arm64::clang_impl_osx-arm64-21.1.8-default_hc11f16d_6 
  clang_osx-arm64    conda-forge/osx-arm64::clang_osx-arm64-21.1.8-h15b5089_34 
  clangxx            conda-forge/osx-arm64::clangxx-21.1.8-default_cfg_h7f0254a_6 
  clangxx_impl_osx-~ conda-forge/osx-arm64::clangxx_impl_osx-arm64-21.1.8-default_hc11f16d_6 
  cmake              conda-forge/osx-arm64::cmake-4.4.3-hf91ab31_0 
  compiler-rt        conda-forge/osx-arm64::compiler-rt-21.1.8-hce30654_2 
  compiler-rt21      conda-forge/osx-arm64::compiler-rt21-21.1.8-hdb3d66b_2 
  compiler-rt21_osx~ conda-forge/noarch::compiler-rt21_osx-arm64-21.1.8-hb8825d9_2 
  compiler-rt_osx-a~ conda-forge/noarch::compiler-rt_osx-arm64-21.1.8-hce30654_2 
  compilers          conda-forge/osx-arm64::compilers-2.0.0-hce30654_0 
  conda-gcc-specs    conda-forge/osx-arm64::conda-gcc-specs-15.3.0-h64e22ab_7 
  contourpy          conda-forge/osx-arm64::contourpy-1.3.3-py311h7d85929_4 
  cpython            conda-forge/noarch::cpython-3.11.16-py311hd8ed1ab_2 
  cxx-compiler       conda-forge/osx-arm64::cxx-compiler-2.0.0-he3883d0_0 
  cycler             conda-forge/noarch::cycler-0.12.1-pyhcf101f3_2 
  ecmwf-datastores-~ conda-forge/noarch::ecmwf-datastores-client-0.5.3-pyhd8ed1ab_0 
  font-ttf-dejavu-s~ conda-forge/noarch::font-ttf-dejavu-sans-mono-2.37-hab24e00_0 
  font-ttf-inconsol~ conda-forge/noarch::font-ttf-inconsolata-3.000-h77eed37_0 
  font-ttf-source-c~ conda-forge/noarch::font-ttf-source-code-pro-2.038-h77eed37_0 
  font-ttf-ubuntu    conda-forge/noarch::font-ttf-ubuntu-0.83-h77eed37_3 
  fontconfig         conda-forge/osx-arm64::fontconfig-2.18.3-h81aa574_1 
  fonts-conda-ecosy~ conda-forge/noarch::fonts-conda-ecosystem-1-0 
  fonts-conda-forge  conda-forge/noarch::fonts-conda-forge-1-hc364b38_1 
  fonttools          conda-forge/osx-arm64::fonttools-4.66.0-py311hde9f260_0 
  fortran-compiler   conda-forge/osx-arm64::fortran-compiler-2.0.0-h919a6ed_0 
  freetype           conda-forge/osx-arm64::freetype-2.14.3-hce30654_2 
  fribidi            conda-forge/osx-arm64::fribidi-1.0.17-hb001647_0 
  gcc                conda-forge/osx-arm64::gcc-15.3.0-h500d687_7 
  gcc_impl_osx-arm64 conda-forge/osx-arm64::gcc_impl_osx-arm64-15.3.0-hdd9f9fa_7 
  gfortran           conda-forge/osx-arm64::gfortran-15.3.0-h500d687_7 
  gfortran_impl_osx~ conda-forge/osx-arm64::gfortran_impl_osx-arm64-15.3.0-hc97e033_7 
  gfortran_osx-arm64 conda-forge/osx-arm64::gfortran_osx-arm64-15.3.0-hd00ca7b_2 
  git                conda-forge/osx-arm64::git-2.55.0-pl5321h66f49b9_3 
  graphite2          conda-forge/osx-arm64::graphite2-1.3.15-h784d473_1 
  h2                 conda-forge/noarch::h2-4.4.1-pyhcf101f3_0 
  hdf4               conda-forge/osx-arm64::hdf4-4.2.15-h2ee6834_7 
  hdf5               conda-forge/osx-arm64::hdf5-2.2.0-nompi_h7eff4e6_100 
  hpack              conda-forge/noarch::hpack-4.2.0-pyhd8ed1ab_0 
  hyperframe         conda-forge/noarch::hyperframe-6.1.0-pyhd8ed1ab_0 
  icu                conda-forge/osx-arm64::icu-78.3-py310h579977c_2 
  idna               conda-forge/noarch::idna-3.20-pyh5ded981_0 
  kiwisolver         conda-forge/osx-arm64::kiwisolver-1.5.1-py311h2f25576_3 
  krb5               conda-forge/osx-arm64::krb5-1.22.2-h34f8a20_2 
  lcms2              conda-forge/osx-arm64::lcms2-2.19.1-hce41798_3 
  ld64               conda-forge/osx-arm64::ld64-956.6-llvm21_1_h5d6df6c_6 
  ld64_osx-arm64     conda-forge/osx-arm64::ld64_osx-arm64-956.6-llvm21_1_h1a10cc4_6 
  lerc               conda-forge/osx-arm64::lerc-4.2.0-h1eee2c3_0 
  libaec             conda-forge/osx-arm64::libaec-1.1.5-h8664d51_0 
  libblas            conda-forge/osx-arm64::libblas-3.11.0-11_h51639a9_openblas 
  libbrotlicommon    conda-forge/osx-arm64::libbrotlicommon-1.2.0-h1dcdb26_4 
  libbrotlidec       conda-forge/osx-arm64::libbrotlidec-1.2.0-h5295a6a_4 
  libbrotlienc       conda-forge/osx-arm64::libbrotlienc-1.2.0-h2ddc9cb_4 
  libcblas           conda-forge/osx-arm64::libcblas-3.11.0-11_hb0561ab_openblas 
  libclang-cpp21.1   conda-forge/osx-arm64::libclang-cpp21.1-21.1.8-default_h4399b93_6 
  libclang-cpp23.1   conda-forge/osx-arm64::libclang-cpp23.1-23.1.2-default_h79071a4_0 
  libclang13         conda-forge/osx-arm64::libclang13-23.1.2-default_h8f9c3af_0 
  libcompiler-rt     conda-forge/osx-arm64::libcompiler-rt-21.1.8-hdb3d66b_2 
  libcurl            conda-forge/osx-arm64::libcurl-8.22.0-h6651222_0 
  libcxx             conda-forge/osx-arm64::libcxx-23.1.2-h55c6f16_0 
  libcxx-devel       conda-forge/osx-arm64::libcxx-devel-21.1.8-h6dc3340_3 
  libcxx-headers     conda-forge/noarch::libcxx-headers-21.1.8-h707e725_3 
  libdeflate         conda-forge/osx-arm64::libdeflate-1.25-he7e0567_1 
  libedit            conda-forge/osx-arm64::libedit-3.1.20250104-pl5321h26f1114_1 
  libev              conda-forge/osx-arm64::libev-4.33-h1a92334_3 
  libexpat           conda-forge/osx-arm64::libexpat-2.8.5-h6111c0a_0 
  libfabric          conda-forge/osx-arm64::libfabric-2.6.0-hce30654_0 
  libfabric1         conda-forge/osx-arm64::libfabric1-2.6.0-h84a0fba_0 
  libffi             conda-forge/osx-arm64::libffi-3.7.0-h47dc5ef_1 
  libfreetype        conda-forge/osx-arm64::libfreetype-2.14.3-hce30654_2 
  libfreetype6       conda-forge/osx-arm64::libfreetype6-2.14.3-h2ed5691_2 
  libgcc             conda-forge/osx-arm64::libgcc-16.2.0-h3cf6597_7 
  libgcc-devel_osx-~ conda-forge/noarch::libgcc-devel_osx-arm64-15.3.0-h647fcfe_107 
  libgfortran        conda-forge/osx-arm64::libgfortran-16.2.0-h07b0088_7 
  libgfortran5       conda-forge/osx-arm64::libgfortran5-16.2.0-hdb7a957_7 
  libglib            conda-forge/osx-arm64::libglib-2.90.0-hccd281b_0 
  libharfbuzz        conda-forge/osx-arm64::libharfbuzz-14.5.0-hcda0f7c_0 
  libhwloc           conda-forge/osx-arm64::libhwloc-2.15.0-default_h98d0dc1_1001 
  libiconv           conda-forge/osx-arm64::libiconv-1.18-he4c29f2_3 
  libintl            conda-forge/osx-arm64::libintl-0.25.1-hae62183_2 
  libjpeg-turbo      conda-forge/osx-arm64::libjpeg-turbo-3.2.0-h84a0fba_1 
  liblapack          conda-forge/osx-arm64::liblapack-3.11.0-11_hd9741b5_openblas 
  libllvm21          conda-forge/osx-arm64::libllvm21-21.1.8-h759d1ac_1 
  libllvm23          conda-forge/osx-arm64::libllvm23-23.1.2-h759d1ac_0 
  liblzma            conda-forge/osx-arm64::liblzma-5.8.3-h8088a28_1 
  libnetcdf          conda-forge/osx-arm64::libnetcdf-4.10.1-nompi_ha00b61a_201 
  libnghttp2         conda-forge/osx-arm64::libnghttp2-1.68.1-h435687b_1 
  libopenblas        conda-forge/osx-arm64::libopenblas-0.3.34-openmp_h5e6e99c_1 
  libpng             conda-forge/osx-arm64::libpng-1.6.58-hf5e6511_1 
  libpsl             conda-forge/osx-arm64::libpsl-0.23.1-hdb0c161_1 
  libpython          conda-forge/osx-arm64::libpython-3.11.16-h4e5ec87_2_cpython 
  libraqm            conda-forge/osx-arm64::libraqm-0.11.0-h45af499_0 
  libsigtool         conda-forge/osx-arm64::libsigtool-0.1.3-h98dc951_1 
  libsqlite          conda-forge/osx-arm64::libsqlite-3.53.4-hca69786_1 
  libssh2            conda-forge/osx-arm64::libssh2-1.11.1-hbf2880b_1 
  libtiff            conda-forge/osx-arm64::libtiff-4.7.2-hf67920b_1 
  libuv              conda-forge/osx-arm64::libuv-1.52.1-h1a92334_1 
  libwebp-base       conda-forge/osx-arm64::libwebp-base-1.6.0-h202fb40_1 
  libxcb             conda-forge/osx-arm64::libxcb-1.17.0-hbffa61f_2 
  libxml2            conda-forge/osx-arm64::libxml2-2.15.4-h550178d_0 
  libxml2-16         conda-forge/osx-arm64::libxml2-16-2.15.4-heb56d2d_0 
  libzip             conda-forge/osx-arm64::libzip-1.11.4-hcd2b5ac_0 
  libzlib            conda-forge/osx-arm64::libzlib-1.3.2-h8088a28_3 
  llvm-openmp        conda-forge/osx-arm64::llvm-openmp-23.1.2-hdb3d66b_0 
  llvm-tools         conda-forge/osx-arm64::llvm-tools-21.1.8-hdb3d66b_1 
  llvm-tools-21      conda-forge/osx-arm64::llvm-tools-21-21.1.8-h79441dc_1 
  lz4-c              conda-forge/osx-arm64::lz4-c-1.10.0-hdca3b7d_2 
  make               conda-forge/osx-arm64::make-4.4.1-h84a0fba_3 
  matplotlib         conda-forge/osx-arm64::matplotlib-3.11.2-py311ha01d089_1 
  matplotlib-base    conda-forge/osx-arm64::matplotlib-base-3.11.2-py311h022e184_1 
  mpi                conda-forge/noarch::mpi-1.0.1-mpich 
  mpich              conda-forge/osx-arm64::mpich-5.0.1-h334a687_5 
  mpich-mpicc        conda-forge/osx-arm64::mpich-mpicc-5.0.1-h5155c28_5 
  mpich-mpifort      conda-forge/osx-arm64::mpich-mpifort-5.0.1-h2a9b0c0_5 
  multiurl           conda-forge/noarch::multiurl-0.3.9-pyhd8ed1ab_0 
  munkres            conda-forge/noarch::munkres-1.1.4-pyhd8ed1ab_1 
  ncurses            conda-forge/osx-arm64::ncurses-6.6-he64c551_1 
  netcdf-fortran     conda-forge/osx-arm64::netcdf-fortran-4.6.4-nompi_hee8748b_101 
  netcdf4            conda-forge/osx-arm64::netcdf4-1.7.4-nompi_py311hb0e642c_111 
  numpy              conda-forge/osx-arm64::numpy-2.4.6-py311hbd1492f_0 
  openjpeg           conda-forge/osx-arm64::openjpeg-2.5.4-h4d1e80c_2 
  openssl            conda-forge/osx-arm64::openssl-3.6.4-h55eecbc_0 
  packaging          conda-forge/noarch::packaging-26.3-pyhc364b38_0 
  pandas             conda-forge/osx-arm64::pandas-3.0.6-np2py311h0e7d951_0 
  pcre2              conda-forge/osx-arm64::pcre2-10.47-he63d830_1 
  perl               conda-forge/osx-arm64::perl-5.32.1-10_hb001647_perl5 
  pillow             conda-forge/osx-arm64::pillow-12.3.0-py311h5184979_4 
  pip                conda-forge/noarch::pip-26.2.1-pyh8b19718_0 
  pixman             conda-forge/osx-arm64::pixman-0.46.4-h784d473_3 
  proj               conda-forge/osx-arm64::proj-9.8.1-h51dee2d_1 
  pthread-stubs      conda-forge/osx-arm64::pthread-stubs-0.4-hb001647_1004 
  pyparsing          conda-forge/noarch::pyparsing-3.3.3-pyh5ded981_0 
  pyproj             conda-forge/osx-arm64::pyproj-3.7.2-py311h281e31a_5 
  pysocks            conda-forge/noarch::pysocks-1.7.1-pyha55dd90_7 
  python             conda-forge/osx-arm64::python-3.11.16-hd05a0c4_2_cpython 
  python-dateutil    conda-forge/noarch::python-dateutil-2.9.0.post0-pyhe01879c_2 
  python-gil         conda-forge/noarch::python-gil-3.11.16-hd8ed1ab_2 
  python_abi         conda-forge/noarch::python_abi-3.11-9_cp311 
  pytz               conda-forge/noarch::pytz-2026.4-pyh5ded981_0 
  qhull              conda-forge/osx-arm64::qhull-2020.2-h420ef59_5 
  readline           conda-forge/osx-arm64::readline-8.3-h8b90a29_1 
  requests           conda-forge/noarch::requests-2.34.2-pyhcf101f3_0 
  rhash              conda-forge/osx-arm64::rhash-1.4.6-h84a0fba_2 
  s2n                conda-forge/osx-arm64::s2n-1.7.6-h1b28cb6_0 
  scipy              conda-forge/osx-arm64::scipy-1.17.1-py311h9a58382_1 
  sdkroot_env_osx-a~ conda-forge/noarch::sdkroot_env_osx-arm64-26.0-ha3f98da_7 
  setuptools         conda-forge/noarch::setuptools-84.0.0-pyh332efcf_0 
  sigtool-codesign   conda-forge/osx-arm64::sigtool-codesign-0.1.3-h98dc951_1 
  six                conda-forge/noarch::six-1.17.0-pyhe01879c_1 
  snappy             conda-forge/osx-arm64::snappy-1.2.2-h3951085_2 
  sqlite             conda-forge/osx-arm64::sqlite-3.53.4-ha9f7ffe_1 
  tapi               conda-forge/osx-arm64::tapi-1600.0.11.8-hb561403_4 
  tk                 conda-forge/osx-arm64::tk-8.6.13-hbeba79b_4 
  tornado            conda-forge/osx-arm64::tornado-6.5.10-py311h5edb25e_0 
  tqdm               conda-forge/noarch::tqdm-4.70.1-pyhfa0c392_0 
  typing_extensions  conda-forge/noarch::typing_extensions-4.16.0-pyhcf101f3_0 
  tzdata             conda-forge/noarch::tzdata-2026c-h151e31d_0 
  unicodedata2       conda-forge/osx-arm64::unicodedata2-18.0.0-py311h5edb25e_0 
  urllib3            conda-forge/noarch::urllib3-2.8.0-pyhd8ed1ab_0 
  wheel              conda-forge/noarch::wheel-0.48.0-pyhd8ed1ab_0 
  xarray             conda-forge/noarch::xarray-2026.7.0-pyhc364b38_0 
  xorg-libxau        conda-forge/osx-arm64::xorg-libxau-1.0.12-hb001647_2 
  xorg-libxdmcp      conda-forge/osx-arm64::xorg-libxdmcp-1.1.5-hb001647_2 
  zlib-ng            conda-forge/osx-arm64::zlib-ng-2.3.3-h31dac16_1 
  zstd               conda-forge/osx-arm64::zstd-1.5.7-hf451053_7 



Downloading and Extracting Packages: ...working... done
Preparing transaction: ...working... done
Verifying transaction: ...working... done
Executing transaction: ...working... done
WARNING conda.conda_pypi.main:notify_externally_managed_future(156): 
  Did you know? You can install many PyPI packages with conda
  using the conda-pypi beta. Get started:
    https://docs.conda.io/projects/conda/en/stable/new-features.html

#
# To activate this environment, use
#
#     $ conda activate bahia
#
# To deactivate an active environment, use
#
#     $ conda deactivate

