[  2%] Building C object libmetis/CMakeFiles/metis.dir/__/GKlib/blas.c.o
[  2%] Built target sversion
[  4%] Building C object libmetis/CMakeFiles/metis.dir/__/GKlib/evaluate.c.o
[  4%] Building C object libmetis/CMakeFiles/metis.dir/__/GKlib/b64.c.o
[  4%] Building C object libmetis/CMakeFiles/metis.dir/__/GKlib/error.c.o
[  4%] Building C object libmetis/CMakeFiles/metis.dir/__/GKlib/fkvkselect.c.o
[  4%] Building C object libmetis/CMakeFiles/metis.dir/__/GKlib/csr.c.o
[  6%] Building C object libmetis/CMakeFiles/metis.dir/__/GKlib/fs.c.o
[  8%] Building Fortran object Core/CMakeFiles/core.dir/schism_glbl.F90.o
[  8%] Building C object libmetis/CMakeFiles/metis.dir/__/GKlib/getopt.c.o
[ 10%] Building Fortran object Core/CMakeFiles/core.dir/schism_version.F90.o
[ 10%] Building C object libmetis/CMakeFiles/metis.dir/__/GKlib/gkregex.c.o
[ 12%] Building C object libmetis/CMakeFiles/metis.dir/__/GKlib/graph.c.o
[ 12%] Building C object libmetis/CMakeFiles/metis.dir/__/GKlib/htable.c.o
[ 14%] Building C object libmetis/CMakeFiles/metis.dir/__/GKlib/io.c.o
[ 14%] Building Fortran object Core/CMakeFiles/core.dir/schism_msgp.F90.o
[ 14%] Building C object libmetis/CMakeFiles/metis.dir/__/GKlib/itemsets.c.o
[ 14%] Building C object libmetis/CMakeFiles/metis.dir/__/GKlib/mcore.c.o
/Users/alex/modelos/schism/src/Core/schism_msgp.F90:4107:19:

 4107 |     call mpi_irecv(e2di_2t_data,1,e2di_2t_recv_type(i),nbrrank_2t(i),17,comm,e2di_2t_recv_rqst(i),ierr)
      |                   1
......
 4140 |     call mpi_irecv(e3d_2t_data,1,e3d_2t_tr_recv_type(i),nbrrank_2t(i),18,comm,e3d_2t_tr_recv_rqst(i),ierr)
      |                   2
Warning: Type mismatch between actual argument at (1) and actual argument at (2) (INTEGER(4)/REAL(8)).
/Users/alex/modelos/schism/src/Core/schism_msgp.F90:4113:19:

 4113 |     call mpi_isend(e2di_2t_data,1,e2di_2t_send_type(i),nbrrank_2t(i),17,comm,e2di_2t_send_rqst(i),ierr)
      |                   1
......
 4146 |     call mpi_isend(e3d_2t_data,1,e3d_2t_tr_send_type(i),nbrrank_2t(i),18,comm,e3d_2t_tr_send_rqst(i),ierr)
      |                   2
Warning: Type mismatch between actual argument at (1) and actual argument at (2) (INTEGER(4)/REAL(8)).
[ 16%] Building C object libmetis/CMakeFiles/metis.dir/__/GKlib/memory.c.o
[ 16%] Building C object libmetis/CMakeFiles/metis.dir/__/GKlib/omp.c.o
[ 18%] Building C object libmetis/CMakeFiles/metis.dir/__/GKlib/pdb.c.o
[ 18%] Building C object libmetis/CMakeFiles/metis.dir/__/GKlib/pqueue.c.o
[ 20%] Building C object libmetis/CMakeFiles/metis.dir/__/GKlib/random.c.o
[ 20%] Building C object libmetis/CMakeFiles/metis.dir/__/GKlib/rw.c.o
[ 20%] Building C object libmetis/CMakeFiles/metis.dir/__/GKlib/seq.c.o
[ 22%] Building C object libmetis/CMakeFiles/metis.dir/__/GKlib/sort.c.o
/Users/alex/modelos/schism/src/ParMetis-4.0.3/metis/GKlib/pdb.c:168:4: warning: 'sscanf' may overflow; destination buffer in argument 3 has size 6, but the corresponding specifier may require size 7 [-Wfortify-source]
  168 |                         linetype,&aserial,aname,&altLoc,rname,&chainid,&rserial,&icode,&x,&y,&z,&opcy,&tmpt,&element);
      |                         ^
/Users/alex/modelos/schism/src/ParMetis-4.0.3/metis/GKlib/pdb.c:229:4: warning: 'sscanf' may overflow; destination buffer in argument 3 has size 6, but the corresponding specifier may require size 7 [-Wfortify-source]
  229 |                         linetype,&aserial,aname,&altLoc,rname,&chainid,&rserial,&icode,&x,&y,&z,&opcy,&tmpt,&element);
      |                         ^
2 warnings generated.
[ 22%] Building C object libmetis/CMakeFiles/metis.dir/__/GKlib/string.c.o
[ 24%] Building C object libmetis/CMakeFiles/metis.dir/__/GKlib/timers.c.o
[ 24%] Building C object libmetis/CMakeFiles/metis.dir/__/GKlib/tokenizer.c.o
[ 24%] Building C object libmetis/CMakeFiles/metis.dir/__/GKlib/util.c.o
[ 26%] Building C object libmetis/CMakeFiles/metis.dir/auxapi.c.o
[ 26%] Building C object libmetis/CMakeFiles/metis.dir/balance.c.o
[ 28%] Building C object libmetis/CMakeFiles/metis.dir/bucketsort.c.o
[ 28%] Building C object libmetis/CMakeFiles/metis.dir/checkgraph.c.o
[ 28%] Building C object libmetis/CMakeFiles/metis.dir/coarsen.c.o
[ 30%] Building C object libmetis/CMakeFiles/metis.dir/compress.c.o
[ 30%] Building C object libmetis/CMakeFiles/metis.dir/contig.c.o
/Users/alex/modelos/schism/src/ParMetis-4.0.3/metis/libmetis/balance.c:23:9: warning: using integer absolute value function 'abs' when argument is of floating point type [-Wabsolute-value]
   23 |     if (iabs(ntpwgts[0]*graph->tvwgt[0]-graph->pwgts[0]) < 3*graph->tvwgt[0]/graph->nvtxs)
      |         ^
/Users/alex/modelos/schism/src/ParMetis-4.0.3/metis/include/metis.h:98:25: note: expanded from macro 'iabs'
   98 |   #define iabs          abs
      |                         ^
/Users/alex/modelos/schism/src/ParMetis-4.0.3/metis/libmetis/balance.c:23:9: note: use function 'fabsf' instead
   23 |     if (iabs(ntpwgts[0]*graph->tvwgt[0]-graph->pwgts[0]) < 3*graph->tvwgt[0]/graph->nvtxs)
      |         ^~~~
      |         fabsf
/Users/alex/modelos/schism/src/ParMetis-4.0.3/metis/include/metis.h:98:25: note: expanded from macro 'iabs'
   98 |   #define iabs          abs
      |                         ^
[ 32%] Building C object libmetis/CMakeFiles/metis.dir/debug.c.o
1 warning generated.
[ 32%] Building C object libmetis/CMakeFiles/metis.dir/fm.c.o
[ 32%] Building C object libmetis/CMakeFiles/metis.dir/fortran.c.o
[ 32%] Building C object libmetis/CMakeFiles/metis.dir/gklib.c.o
[ 34%] Building C object libmetis/CMakeFiles/metis.dir/frename.c.o
[ 36%] Building C object libmetis/CMakeFiles/metis.dir/graph.c.o
[ 36%] Building C object libmetis/CMakeFiles/metis.dir/initpart.c.o
[ 36%] Building C object libmetis/CMakeFiles/metis.dir/kmetis.c.o
[ 38%] Building C object libmetis/CMakeFiles/metis.dir/kwayfm.c.o
[ 38%] Building C object libmetis/CMakeFiles/metis.dir/kwayrefine.c.o
[ 40%] Building C object libmetis/CMakeFiles/metis.dir/mcutil.c.o
[ 40%] Building C object libmetis/CMakeFiles/metis.dir/mesh.c.o
[ 40%] Building C object libmetis/CMakeFiles/metis.dir/meshpart.c.o
[ 42%] Building C object libmetis/CMakeFiles/metis.dir/minconn.c.o
[ 42%] Building C object libmetis/CMakeFiles/metis.dir/mincover.c.o
[ 44%] Building C object libmetis/CMakeFiles/metis.dir/mmd.c.o
[ 44%] Building C object libmetis/CMakeFiles/metis.dir/options.c.o
[ 44%] Building C object libmetis/CMakeFiles/metis.dir/ometis.c.o
[ 46%] Building C object libmetis/CMakeFiles/metis.dir/parmetis.c.o
[ 46%] Building C object libmetis/CMakeFiles/metis.dir/pmetis.c.o
[ 48%] Building C object libmetis/CMakeFiles/metis.dir/refine.c.o
[ 48%] Building C object libmetis/CMakeFiles/metis.dir/separator.c.o
[ 48%] Building C object libmetis/CMakeFiles/metis.dir/sfm.c.o
[ 50%] Building C object libmetis/CMakeFiles/metis.dir/srefine.c.o
[ 50%] Building C object libmetis/CMakeFiles/metis.dir/stat.c.o
[ 52%] Building C object libmetis/CMakeFiles/metis.dir/timing.c.o
[ 52%] Building C object libmetis/CMakeFiles/metis.dir/util.c.o
[ 52%] Building C object libmetis/CMakeFiles/metis.dir/wspace.c.o
[ 54%] Linking C static library ../lib/libmetis.a
[ 54%] Built target metis
[ 54%] Building C object ParMetis-4.0.3/libparmetis/CMakeFiles/parmetis.dir/comm.c.o
[ 56%] Building C object ParMetis-4.0.3/libparmetis/CMakeFiles/parmetis.dir/ametis.c.o
[ 54%] Building C object ParMetis-4.0.3/libparmetis/CMakeFiles/parmetis.dir/balancemylink.c.o
[ 56%] Building C object ParMetis-4.0.3/libparmetis/CMakeFiles/parmetis.dir/akwayfm.c.o
[ 58%] Building C object ParMetis-4.0.3/libparmetis/CMakeFiles/parmetis.dir/ctrl.c.o
[ 58%] Building C object ParMetis-4.0.3/libparmetis/CMakeFiles/parmetis.dir/debug.c.o
[ 60%] Building C object ParMetis-4.0.3/libparmetis/CMakeFiles/parmetis.dir/csrmatch.c.o
[ 60%] Building C object ParMetis-4.0.3/libparmetis/CMakeFiles/parmetis.dir/diffutil.c.o
[ 60%] Building C object ParMetis-4.0.3/libparmetis/CMakeFiles/parmetis.dir/frename.c.o
[ 62%] Building C object ParMetis-4.0.3/libparmetis/CMakeFiles/parmetis.dir/gkmetis.c.o
[ 62%] Building C object ParMetis-4.0.3/libparmetis/CMakeFiles/parmetis.dir/gkmpi.c.o
[ 64%] Building C object ParMetis-4.0.3/libparmetis/CMakeFiles/parmetis.dir/graph.c.o
[ 64%] Building C object ParMetis-4.0.3/libparmetis/CMakeFiles/parmetis.dir/initbalance.c.o
[ 64%] Building C object ParMetis-4.0.3/libparmetis/CMakeFiles/parmetis.dir/initmsection.c.o
[ 64%] Building C object ParMetis-4.0.3/libparmetis/CMakeFiles/parmetis.dir/kmetis.c.o
[ 66%] Building C object ParMetis-4.0.3/libparmetis/CMakeFiles/parmetis.dir/initpart.c.o
[ 68%] Building C object ParMetis-4.0.3/libparmetis/CMakeFiles/parmetis.dir/kwayrefine.c.o
[ 68%] Building C object ParMetis-4.0.3/libparmetis/CMakeFiles/parmetis.dir/match.c.o
[ 70%] Building C object ParMetis-4.0.3/libparmetis/CMakeFiles/parmetis.dir/mdiffusion.c.o
[ 70%] Building C object ParMetis-4.0.3/libparmetis/CMakeFiles/parmetis.dir/mesh.c.o
[ 70%] Building C object ParMetis-4.0.3/libparmetis/CMakeFiles/parmetis.dir/mmetis.c.o
[ 72%] Building C object ParMetis-4.0.3/libparmetis/CMakeFiles/parmetis.dir/msetup.c.o
[ 72%] Building C object ParMetis-4.0.3/libparmetis/CMakeFiles/parmetis.dir/move.c.o
[ 74%] Building C object ParMetis-4.0.3/libparmetis/CMakeFiles/parmetis.dir/node_refine.c.o
[ 74%] Building C object ParMetis-4.0.3/libparmetis/CMakeFiles/parmetis.dir/ometis.c.o
[ 74%] Building C object ParMetis-4.0.3/libparmetis/CMakeFiles/parmetis.dir/pspases.c.o
[ 76%] Building C object ParMetis-4.0.3/libparmetis/CMakeFiles/parmetis.dir/redomylink.c.o
[ 76%] Building C object ParMetis-4.0.3/libparmetis/CMakeFiles/parmetis.dir/remap.c.o
[ 78%] Building C object ParMetis-4.0.3/libparmetis/CMakeFiles/parmetis.dir/renumber.c.o
[ 78%] Building C object ParMetis-4.0.3/libparmetis/CMakeFiles/parmetis.dir/selectq.c.o
[ 78%] Building C object ParMetis-4.0.3/libparmetis/CMakeFiles/parmetis.dir/rmetis.c.o
[ 80%] Building C object ParMetis-4.0.3/libparmetis/CMakeFiles/parmetis.dir/serial.c.o
[ 80%] Building C object ParMetis-4.0.3/libparmetis/CMakeFiles/parmetis.dir/stat.c.o
[ 82%] Building C object ParMetis-4.0.3/libparmetis/CMakeFiles/parmetis.dir/timer.c.o
[ 82%] Building C object ParMetis-4.0.3/libparmetis/CMakeFiles/parmetis.dir/util.c.o
[ 82%] Building C object ParMetis-4.0.3/libparmetis/CMakeFiles/parmetis.dir/wave.c.o
[ 84%] Building C object ParMetis-4.0.3/libparmetis/CMakeFiles/parmetis.dir/weird.c.o
[ 84%] Building Fortran object Core/CMakeFiles/core.dir/hydraulic_structures.F90.o
[ 84%] Building C object ParMetis-4.0.3/libparmetis/CMakeFiles/parmetis.dir/wspace.c.o
[ 86%] Building C object ParMetis-4.0.3/libparmetis/CMakeFiles/parmetis.dir/xyzpart.c.o
[ 88%] Building Fortran object Core/CMakeFiles/core.dir/misc_modules.F90.o
[ 88%] Building Fortran object Core/CMakeFiles/core.dir/schism_io.F90.o
[ 88%] Building Fortran object Core/CMakeFiles/core.dir/scribe_io.F90.o
[ 90%] Building Fortran object Core/CMakeFiles/core.dir/schism_assert.F90.o
/Users/alex/modelos/schism/src/Core/scribe_io.F90:109:20:

  107 |       call mpi_recv(dt,1,rtype,0,100,comm_schism,rrqst,ierr)
      |                    2
  108 |       if(ierr/=MPI_SUCCESS) call parallel_abort('scribe_init: recv error')
  109 |       call mpi_recv(nspool,1,itype,0,101,comm_schism,rrqst,ierr)
      |                    1
Warning: Type mismatch between actual argument at (1) and actual argument at (2) (INTEGER(4)/REAL(8)).
/Users/alex/modelos/schism/src/Core/scribe_io.F90:202:25:

  202 |           call mpi_irecv(itmp,1,itype,i-1,199,comm_schism,rrqst,ierr)
      |                         1
......
 1517 |               call mpi_irecv(alt1_var3delem(:,:,i),ne(i)*nvrt0,MPI_REAL4,i-1,200+itotal,comm_schism,rrqst2(i),ierr)
      |                             2
Warning: Type mismatch between actual argument at (1) and actual argument at (2) (INTEGER(4)/REAL(4)).
/Users/alex/modelos/schism/src/Core/scribe_io.F90:330:21:

  225 |       call mpi_bcast(np,nproc_compute,itype,nscribes-1,comm_scribe,ierr)
      |                     2
......
  330 |       call mpi_bcast(xnd,np_global,rtype,nscribes-1,comm_scribe,ierr)
      |                     1
Warning: Type mismatch between actual argument at (1) and actual argument at (2) (REAL(8)/INTEGER(4)).
[ 90%] Linking C static library ../../lib/libparmetis.a
[ 90%] Built target parmetis
[ 90%] Linking Fortran static library ../lib/libcore.a
[ 90%] Built target core
[ 90%] Building Fortran object Hydro/CMakeFiles/hydro.dir/sflux_9c.F90.o
[ 90%] Building Fortran object Hydro/CMakeFiles/hydro.dir/schism_init.F90.o
[ 90%] Building Fortran object Hydro/CMakeFiles/hydro.dir/bktrk_subs.F90.o
[ 90%] Building Fortran object Hydro/CMakeFiles/hydro.dir/schism_finalize.F90.o
[ 92%] Building Fortran object Hydro/CMakeFiles/hydro.dir/schism_step.F90.o
[ 94%] Building Fortran object Hydro/CMakeFiles/hydro.dir/misc_subs.F90.o
[ 94%] Building Fortran object Hydro/CMakeFiles/hydro.dir/lap.F90.o
[ 96%] Building Fortran object Hydro/CMakeFiles/hydro.dir/grid_subs.F90.o
/Users/alex/modelos/schism/src/Hydro/lap.F90:1690:48:

 1690 |       IF (INCX.EQ.INCY) IF (INCX-1) 10 , 30 , 70
      |                                                1
Warning: Fortran 2018 deleted feature: Arithmetic IF statement at (1)
/Users/alex/modelos/schism/src/Hydro/lap.F90:1748:48:

 1748 |       IF (INCX.EQ.INCY) IF (INCX-1) 10 , 30 , 70
      |                                                1
Warning: Fortran 2018 deleted feature: Arithmetic IF statement at (1)
/Users/alex/modelos/schism/src/Hydro/bktrk_subs.F90:73:23:

   62 |   call mpi_get_address(bttmp%rank,displ(1),ierr)
      |                       2
......
   73 |   call mpi_get_address(bttmp%dtbk,displ(2),ierr)
      |                       1
Warning: Type mismatch between actual argument at (1) and actual argument at (2) (REAL(8)/INTEGER(4)).
/Users/alex/modelos/schism/src/Hydro/bktrk_subs.F90:444:21:

   52 |   call mpi_allreduce(nsa,nmm,1,itype,MPI_MAX,comm,ierr)
      |                     2
......
  444 |   call mpi_allreduce(bt_donel,bt_done,1,MPI_LOGICAL,MPI_LAND,comm,ierr)
      |                     1
Warning: Type mismatch between actual argument at (1) and actual argument at (2) (LOGICAL(4)/INTEGER(4)).
/Users/alex/modelos/schism/src/Hydro/bktrk_subs.F90:444:30:

   52 |   call mpi_allreduce(nsa,nmm,1,itype,MPI_MAX,comm,ierr)
      |                         2     
......
  444 |   call mpi_allreduce(bt_donel,bt_done,1,MPI_LOGICAL,MPI_LAND,comm,ierr)
      |                              1
Warning: Type mismatch between actual argument at (1) and actual argument at (2) (LOGICAL(4)/INTEGER(4)).
/Users/alex/modelos/schism/src/Hydro/grid_subs.F90:665:17:

  644 |   call mpi_bcast(ne_global,1,itype,0,comm,stat)
      |                 2
......
  665 |   call mpi_bcast(i34gb,ne_global,itype,0,comm,stat)
      |                 1
Warning: Rank mismatch between actual argument at (1) and actual argument at (2) (scalar and rank-1)
/Users/alex/modelos/schism/src/Hydro/grid_subs.F90:666:17:

  644 |   call mpi_bcast(ne_global,1,itype,0,comm,stat)
      |                 2
......
  666 |   call mpi_bcast(nmgb,ne_global*4,itype,0,comm,stat)
      |                 1
Warning: Rank mismatch between actual argument at (1) and actual argument at (2) (scalar and rank-2)
/Users/alex/modelos/schism/src/Hydro/grid_subs.F90:667:17:

  644 |   call mpi_bcast(ne_global,1,itype,0,comm,stat)
      |                 2
......
  667 |   call mpi_bcast(lhas_quad,1,MPI_LOGICAL,0,comm,stat)
      |                 1
Warning: Type mismatch between actual argument at (1) and actual argument at (2) (LOGICAL(4)/INTEGER(4)).
/Users/alex/modelos/schism/src/Hydro/grid_subs.F90:857:17:

  644 |   call mpi_bcast(ne_global,1,itype,0,comm,stat)
      |                 2
......
  857 |   call mpi_bcast(nond_global,nope_global,itype,0,comm,stat)
      |                 1
Warning: Rank mismatch between actual argument at (1) and actual argument at (2) (scalar and rank-1)
/Users/alex/modelos/schism/src/Hydro/grid_subs.F90:858:17:

  644 |   call mpi_bcast(ne_global,1,itype,0,comm,stat)
      |                 2
......
  858 |   call mpi_bcast(iond_global,nope_global*mnond_global,itype,0,comm,stat)
      |                 1
Warning: Rank mismatch between actual argument at (1) and actual argument at (2) (scalar and rank-2)
/Users/alex/modelos/schism/src/Hydro/grid_subs.F90:859:17:

  644 |   call mpi_bcast(ne_global,1,itype,0,comm,stat)
      |                 2
......
  859 |   call mpi_bcast(isbnd_global,np_global,itype,0,comm,stat)
      |                 1
Warning: Rank mismatch between actual argument at (1) and actual argument at (2) (scalar and rank-1)
/Users/alex/modelos/schism/src/Hydro/grid_subs.F90:926:17:

  644 |   call mpi_bcast(ne_global,1,itype,0,comm,stat)
      |                 2
......
  926 |   call mpi_bcast(nlnd_global,nland_global,itype,0,comm,stat)
      |                 1
Warning: Rank mismatch between actual argument at (1) and actual argument at (2) (scalar and rank-1)
/Users/alex/modelos/schism/src/Hydro/grid_subs.F90:927:17:

  644 |   call mpi_bcast(ne_global,1,itype,0,comm,stat)
      |                 2
......
  927 |   call mpi_bcast(ilnd_global,nland_global*mnlnd_global,itype,0,comm,stat)
      |                 1
Warning: Rank mismatch between actual argument at (1) and actual argument at (2) (scalar and rank-2)
/Users/alex/modelos/schism/src/Hydro/grid_subs.F90:928:17:

  644 |   call mpi_bcast(ne_global,1,itype,0,comm,stat)
      |                 2
......
  928 |   call mpi_bcast(isbnd_global,np_global,itype,0,comm,stat)
      |                 1
Warning: Rank mismatch between actual argument at (1) and actual argument at (2) (scalar and rank-1)
/Users/alex/modelos/schism/src/Hydro/grid_subs.F90:309:19:

  309 |     call mpi_bcast(nlev,np_global,itype,0,comm,stat)
      |                   1
......
  644 |   call mpi_bcast(ne_global,1,itype,0,comm,stat)
      |                 2  
Warning: Rank mismatch between actual argument at (1) and actual argument at (2) (scalar and rank-1)
/Users/alex/modelos/schism/src/Hydro/schism_step.F90:691:25:

  530 |           call mpi_bcast(wx2,1,rtype,0,comm,istat)
      |                         2
......
  691 |           call mpi_bcast(rwild6,9*np_global,MPI_REAL4,0,comm,istat)
      |                         1
Warning: Type mismatch between actual argument at (1) and actual argument at (2) (REAL(4)/REAL(8)).
/Users/alex/modelos/schism/src/Hydro/schism_step.F90:1437:27:

 1436 |         call mpi_allreduce(q_block_lcl,q_block,nhtblocks,rtype,MPI_SUM,comm,ierr)
      |                           2
 1437 |         call mpi_allreduce(iq_block_lcl,iq_block,nhtblocks,itype,MPI_SUM,comm,ierr)
      |                           1
Warning: Type mismatch between actual argument at (1) and actual argument at (2) (INTEGER(4)/REAL(8)).
/Users/alex/modelos/schism/src/Hydro/schism_init.F90:1776:23:

 1775 |         call mpi_bcast(buf4,ns_global,rtype,0,comm,istat)
      |                       2
 1776 |         call mpi_bcast(max_flreg,1,itype,0,comm,istat)
      |                       1
Warning: Type mismatch between actual argument at (1) and actual argument at (2) (INTEGER(4)/REAL(8)).
/Users/alex/modelos/schism/src/Hydro/schism_init.F90:2803:29:

 2198 |       call mpi_allreduce(iabort,iabort_gb,1,itype,MPI_SUM,comm,ierr)
      |                         2    
......
 2803 |           call mpi_allreduce(swild99,dir_block,2*nhtblocks,rtype,MPI_SUM,comm,ierr)
      |                             1
Warning: Type mismatch between actual argument at (1) and actual argument at (2) (REAL(8)/INTEGER(4)).
/Users/alex/modelos/schism/src/Hydro/schism_init.F90:2803:37:

 2198 |       call mpi_allreduce(iabort,iabort_gb,1,itype,MPI_SUM,comm,ierr)
      |                                2     
......
 2803 |           call mpi_allreduce(swild99,dir_block,2*nhtblocks,rtype,MPI_SUM,comm,ierr)
      |                                     1
Warning: Type mismatch between actual argument at (1) and actual argument at (2) (REAL(8)/INTEGER(4)).
/Users/alex/modelos/schism/src/Hydro/schism_init.F90:2804:29:

 2198 |       call mpi_allreduce(iabort,iabort_gb,1,itype,MPI_SUM,comm,ierr)
      |                         2    
......
 2804 |           call mpi_allreduce(ibuf1,ibuf2,nhtblocks,itype,MPI_SUM,comm,ierr)
      |                             1
Warning: Rank mismatch between actual argument at (1) and actual argument at (2) (scalar and rank-2)
/Users/alex/modelos/schism/src/Hydro/schism_init.F90:2804:35:

 2198 |       call mpi_allreduce(iabort,iabort_gb,1,itype,MPI_SUM,comm,ierr)
      |                                2   
......
 2804 |           call mpi_allreduce(ibuf1,ibuf2,nhtblocks,itype,MPI_SUM,comm,ierr)
      |                                   1
Warning: Rank mismatch between actual argument at (1) and actual argument at (2) (scalar and rank-2)
/Users/alex/modelos/schism/src/Hydro/schism_init.F90:4390:24:

 1997 |       call mpi_reduce(edge_min,tmpmin,1,rtype,MPI_MIN,0,comm,ierr)
      |                      2  
......
 4390 |         call mpi_reduce(iep_sta,nwild2,nout_sta,itype,MPI_SUM,0,comm,ierr)
      |                        1
Warning: Type mismatch between actual argument at (1) and actual argument at (2) (INTEGER(4)/REAL(8)).
/Users/alex/modelos/schism/src/Hydro/schism_init.F90:4390:32:

 1997 |       call mpi_reduce(edge_min,tmpmin,1,rtype,MPI_MIN,0,comm,ierr)
      |                               2 
......
 4390 |         call mpi_reduce(iep_sta,nwild2,nout_sta,itype,MPI_SUM,0,comm,ierr)
      |                                1
Warning: Type mismatch between actual argument at (1) and actual argument at (2) (INTEGER(4)/REAL(8)).
/Users/alex/modelos/schism/src/Hydro/schism_init.F90:5720:23:

 1775 |         call mpi_bcast(buf4,ns_global,rtype,0,comm,istat)
      |                       2
......
 5720 |         call mpi_bcast(time,1,rtype,0,comm,istat)
      |                       1
Warning: Rank mismatch between actual argument at (1) and actual argument at (2) (rank-1 and scalar)
/Users/alex/modelos/schism/src/Hydro/schism_init.F90:7264:24:

 7263 |           call mpi_send(dt,1,rtype,nproc_schism-i,100,comm_schism,ierr)
      |                        2
 7264 |           call mpi_send(nspool,1,itype,nproc_schism-i,101,comm_schism,ierr)
      |                        1
Warning: Type mismatch between actual argument at (1) and actual argument at (2) (INTEGER(4)/REAL(8)).
/Users/alex/modelos/schism/src/Hydro/schism_init.F90:7343:20:

 7263 |           call mpi_send(dt,1,rtype,nproc_schism-i,100,comm_schism,ierr)
      |                        2
......
 7343 |       call mpi_send(buf3(1:np),np,rtype,nproc_schism-1,193,comm_schism,ierr)
      |                    1
Warning: Rank mismatch between actual argument at (1) and actual argument at (2) (scalar and rank-1)
/Users/alex/modelos/schism/src/Hydro/schism_init.F90:7344:20:

 7263 |           call mpi_send(dt,1,rtype,nproc_schism-i,100,comm_schism,ierr)
      |                        2
......
 7344 |       call mpi_send(buf4(1:np),np,rtype,nproc_schism-1,192,comm_schism,ierr)
      |                    1
Warning: Rank mismatch between actual argument at (1) and actual argument at (2) (scalar and rank-1)
/Users/alex/modelos/schism/src/Hydro/schism_init.F90:7345:20:

 7263 |           call mpi_send(dt,1,rtype,nproc_schism-i,100,comm_schism,ierr)
      |                        2
......
 7345 |       call mpi_send(dp(1:np),np,rtype,nproc_schism-1,191,comm_schism,ierr)
      |                    1
Warning: Rank mismatch between actual argument at (1) and actual argument at (2) (scalar and rank-1)
/Users/alex/modelos/schism/src/Hydro/schism_step.F90:1437:40:

 1436 |         call mpi_allreduce(q_block_lcl,q_block,nhtblocks,rtype,MPI_SUM,comm,ierr)
      |                                       2 
 1437 |         call mpi_allreduce(iq_block_lcl,iq_block,nhtblocks,itype,MPI_SUM,comm,ierr)
      |                                        1
Warning: Type mismatch between actual argument at (1) and actual argument at (2) (INTEGER(4)/REAL(8)).
/Users/alex/modelos/schism/src/Hydro/schism_step.F90:1802:23:

  530 |           call mpi_bcast(wx2,1,rtype,0,comm,istat)
      |                         2
......
 1802 |         call mpi_bcast(eth,mnond_global*nope_global,rtype,0,comm,istat)
      |                       1
Warning: Rank mismatch between actual argument at (1) and actual argument at (2) (scalar and rank-2)
/Users/alex/modelos/schism/src/Hydro/schism_step.F90:1803:23:

  530 |           call mpi_bcast(wx2,1,rtype,0,comm,istat)
      |                         2
......
 1803 |         call mpi_bcast(qthcon,nope_global,rtype,0,comm,istat)
      |                       1
Warning: Rank mismatch between actual argument at (1) and actual argument at (2) (scalar and rank-1)
/Users/alex/modelos/schism/src/Hydro/schism_step.F90:1804:23:

  530 |           call mpi_bcast(wx2,1,rtype,0,comm,istat)
      |                         2
......
 1804 |         call mpi_bcast(trth,ntracers*nvrt*mnond_global*max(1,nope_global),rtype,0,comm,istat)
      |                       1
Warning: Rank mismatch between actual argument at (1) and actual argument at (2) (scalar and rank-4)
/Users/alex/modelos/schism/src/Hydro/schism_step.F90:1805:23:

  530 |           call mpi_bcast(wx2,1,rtype,0,comm,istat)
      |                         2
......
 1805 |         call mpi_bcast(uthnd,nvrt*mnond_global*nope_global,rtype,0,comm,istat)
      |                       1
Warning: Rank mismatch between actual argument at (1) and actual argument at (2) (scalar and rank-3)
/Users/alex/modelos/schism/src/Hydro/schism_step.F90:1806:23:

  530 |           call mpi_bcast(wx2,1,rtype,0,comm,istat)
      |                         2
......
 1806 |         call mpi_bcast(vthnd,nvrt*mnond_global*nope_global,rtype,0,comm,istat)
      |                       1
Warning: Rank mismatch between actual argument at (1) and actual argument at (2) (scalar and rank-3)
/Users/alex/modelos/schism/src/Hydro/schism_step.F90:1911:23:

  530 |           call mpi_bcast(wx2,1,rtype,0,comm,istat)
      |                         2
......
 1911 |         call mpi_bcast(th_time3,2*nthfiles3,rtype,0,comm,istat)
      |                       1
Warning: Rank mismatch between actual argument at (1) and actual argument at (2) (scalar and rank-2)
/Users/alex/modelos/schism/src/Hydro/schism_step.F90:4803:29:

 1436 |         call mpi_allreduce(q_block_lcl,q_block,nhtblocks,rtype,MPI_SUM,comm,ierr)
      |                           2  
......
 4803 |           call mpi_allreduce(tmp1,tmp,1,rtype,MPI_MAX,comm,ierr)
      |                             1
Warning: Rank mismatch between actual argument at (1) and actual argument at (2) (rank-1 and scalar)
/Users/alex/modelos/schism/src/Hydro/schism_step.F90:4803:34:

 1436 |         call mpi_allreduce(q_block_lcl,q_block,nhtblocks,rtype,MPI_SUM,comm,ierr)
      |                                       2
......
 4803 |           call mpi_allreduce(tmp1,tmp,1,rtype,MPI_MAX,comm,ierr)
      |                                  1
Warning: Rank mismatch between actual argument at (1) and actual argument at (2) (rank-1 and scalar)
/Users/alex/modelos/schism/src/Hydro/schism_step.F90:6440:25:

 1436 |         call mpi_allreduce(q_block_lcl,q_block,nhtblocks,rtype,MPI_SUM,comm,ierr)
      |                           2
......
 6440 |       call mpi_allreduce(etatotl,etatot,1,rtype,MPI_SUM,comm,ierr)
      |                         1
Warning: Rank mismatch between actual argument at (1) and actual argument at (2) (rank-1 and scalar)
/Users/alex/modelos/schism/src/Hydro/schism_step.F90:6440:33:

 1436 |         call mpi_allreduce(q_block_lcl,q_block,nhtblocks,rtype,MPI_SUM,comm,ierr)
      |                                       2
......
 6440 |       call mpi_allreduce(etatotl,etatot,1,rtype,MPI_SUM,comm,ierr)
      |                                 1
Warning: Rank mismatch between actual argument at (1) and actual argument at (2) (rank-1 and scalar)
/Users/alex/modelos/schism/src/Hydro/schism_step.F90:9970:23:

 1384 |             call mpi_isend(eta2,1,htsend_type(i),i,601,comm,srqst(i),ierr)
      |                           2
......
 9970 |         call mpi_isend(varout_2dnode(1:ncount_2dnode,1:np),np*ncount_2dnode,MPI_REAL4,iscribe_2d, &
      |                       1
Warning: Type mismatch between actual argument at (1) and actual argument at (2) (REAL(4)/REAL(8)).
/Users/alex/modelos/schism/src/Hydro/schism_step.F90:10003:97:

10003 |           if(iof_hydro(i)/=0) call savensend3D_scribe(icount,1,2,nvrt,np,uu2(:,1:np),vv2(:,1:np))
      |                                                                                                 1
Warning: More actual than formal arguments in procedure call at (1)
/Users/alex/modelos/schism/src/Hydro/schism_step.F90:10107:97:

10107 |           if(iof_hydro(i)/=0) call savensend3D_scribe(icount,3,2,nvrt,ns,su2(:,1:ns),sv2(:,1:ns))
      |                                                                                                 1
Warning: More actual than formal arguments in procedure call at (1)
/Users/alex/modelos/schism/src/Hydro/schism_step.F90:10332:24:

 8978 |       call mpi_reduce(swild,buf3,6,rtype,MPI_SUM,0,comm,ierr)
      |                      2  
......
10332 |         call mpi_reduce(idry_sta,nwild2,nout_sta,itype,MPI_SUM,0,comm,ierr)
      |                        1
Warning: Type mismatch between actual argument at (1) and actual argument at (2) (INTEGER(4)/REAL(8)).
/Users/alex/modelos/schism/src/Hydro/schism_step.F90:10332:33:

 8978 |       call mpi_reduce(swild,buf3,6,rtype,MPI_SUM,0,comm,ierr)
      |                            2     
......
10332 |         call mpi_reduce(idry_sta,nwild2,nout_sta,itype,MPI_SUM,0,comm,ierr)
      |                                 1
Warning: Type mismatch between actual argument at (1) and actual argument at (2) (INTEGER(4)/REAL(8)).
[ 96%] Building Fortran object Hydro/CMakeFiles/hydro.dir/solver_subs.F90.o
/Users/alex/modelos/schism/src/Hydro/sflux_9c.F90:2349:23:

 2349 |         call mpi_bcast(num_file_times,1,itype,0,comm,istat)
      |                       1
......
 2546 |         call mpi_bcast(data_tmp,nx*ny,mpi_real,0,comm,iret)
      |                       2
Warning: Type mismatch between actual argument at (1) and actual argument at (2) (INTEGER(4)/REAL(4)).
/Users/alex/modelos/schism/src/Hydro/misc_subs.F90:1299:29:

 1294 |           call mpi_allreduce(nsdf,nsdf_gb,1,itype,MPI_SUM,comm,ierr)
      |                             2
......
 1299 |           call mpi_allreduce(srwt_xchng,srwt_xchng_gb,1,MPI_LOGICAL,MPI_LAND,comm,ierr)
      |                             1
Warning: Type mismatch between actual argument at (1) and actual argument at (2) (LOGICAL(4)/INTEGER(4)).
/Users/alex/modelos/schism/src/Hydro/misc_subs.F90:1299:40:

 1294 |           call mpi_allreduce(nsdf,nsdf_gb,1,itype,MPI_SUM,comm,ierr)
      |                                  2      
......
 1299 |           call mpi_allreduce(srwt_xchng,srwt_xchng_gb,1,MPI_LOGICAL,MPI_LAND,comm,ierr)
      |                                        1
Warning: Type mismatch between actual argument at (1) and actual argument at (2) (LOGICAL(4)/INTEGER(4)).
/Users/alex/modelos/schism/src/Hydro/misc_subs.F90:359:23:

  285 |         call mpi_bcast(wx1,1,rtype,0,comm,istat)
      |                       2
......
  359 |         call mpi_bcast(rwild,9*np_global,MPI_REAL4,0,comm,istat)
      |                       1
Warning: Type mismatch between actual argument at (1) and actual argument at (2) (REAL(4)/REAL(8)).
/Users/alex/modelos/schism/src/Hydro/misc_subs.F90:851:23:

  285 |         call mpi_bcast(wx1,1,rtype,0,comm,istat)
      |                       2
......
  851 |         call mpi_bcast(th_dt3,nthfiles3,rtype,0,comm,istat)
      |                       1
Warning: Rank mismatch between actual argument at (1) and actual argument at (2) (scalar and rank-1)
/Users/alex/modelos/schism/src/Hydro/misc_subs.F90:852:23:

  285 |         call mpi_bcast(wx1,1,rtype,0,comm,istat)
      |                       2
......
  852 |         call mpi_bcast(th_time3,2*nthfiles3,rtype,0,comm,istat)
      |                       1
Warning: Rank mismatch between actual argument at (1) and actual argument at (2) (scalar and rank-2)
[ 98%] Building Fortran object Hydro/CMakeFiles/hydro.dir/transport_TVD_imp.F90.o
[ 98%] Linking Fortran static library ../lib/libhydro.a
[ 98%] Built target hydro
[ 98%] Building Fortran object Driver/CMakeFiles/pschism.dir/schism_driver.F90.o
[100%] Linking Fortran executable ../bin/pschism_AGE_BLD_STANDALONE_SH_MEM_COMM_TVD-VL
ld: warning: duplicate -rpath '/Users/alex/miniforge3/envs/bahia/lib' ignored
ld: warning: duplicate -rpath '/Users/alex/miniforge3/envs/bahia/lib' ignored
ld: warning: duplicate -rpath '/Users/alex/miniforge3/envs/bahia/lib' ignored
ld: warning: duplicate -rpath '/Users/alex/miniforge3/envs/bahia/lib' ignored
[100%] Built target pschism
